[backblue.gif]
[fade.gif]
[index.html]
[fcefa.uto.edu.bo_8080/estudiante/imagenes/principal/icono.ico]
[fcefa.uto.edu.bo_8080/estudiante/index.html]
[fcefa.uto.edu.bo_8080/estudiante/funciones.js]
[fcefa.uto.edu.bo_8080/estudiante/imagenes/encabezado/fcefaadm.jpg]
[fcefa.uto.edu.bo_8080/estudiante/verEncabezado.html]
[fcefa.uto.edu.bo_8080/estudiante/login.html]
[fcefa.uto.edu.bo_8080/estudiante/verCuerpo.html]
[fcefa.uto.edu.bo_8080/estudiante/imagenes/pie/spring_80x15.png]
[fcefa.uto.edu.bo_8080/estudiante/imagenes/pie/tomcat-power.gif]
[fcefa.uto.edu.bo_8080/estudiante/imagenes/pie/poweredby_postgresql2.png]
[fcefa.uto.edu.bo_8080/estudiante/verPie.html]
[fcefa.uto.edu.bo_8080/estudiante/imagenes/encabezado/cerrar.gif]
[fcefa.uto.edu.bo_8080/estudiante/imagenes/encabezado/cerrar2.gif]
[fcefa.uto.edu.bo_8080/estudiante/imagenes/menu/botonFondo1.gif]
[fcefa.uto.edu.bo_8080/estudiante/imagenes/menu/botonFondo2.gif]
[fcefa.uto.edu.bo_8080/estudiante/imagenes/dibRap/nuevo.gif]
[fcefa.uto.edu.bo_8080/estudiante/imagenes/dibRap/modificar.gif]
[fcefa.uto.edu.bo_8080/estudiante/imagenes/dibRap/eliminar.gif]
[fcefa.uto.edu.bo_8080/estudiante/imagenes/dibRap/volver.gif]
[fcefa.uto.edu.bo_8080/estudiante/imagenes/dibRap/siguiente.png]
[fcefa.uto.edu.bo_8080/estudiante/imagenes/dibRap/aceptar.png]
[fcefa.uto.edu.bo_8080/estudiante/imagenes/dibRap/cancelar.png]
[fcefa.uto.edu.bo_8080/estudiante/imagenes/dibRap/embudo.png]
[fcefa.uto.edu.bo_8080/estudiante/imagenes/botones/buscar.ico]
[fcefa.uto.edu.bo_8080/estudiante/imagenes/botones/adjuntar.png]
[fcefa.uto.edu.bo_8080/estudiante/imagenes/botones/descargar.gif]
[fcefa.uto.edu.bo_8080/estudiante/imagenes/botones/atras.ico]
[fcefa.uto.edu.bo_8080/estudiante/imagenes/botones/adelante.ico]
[fcefa.uto.edu.bo_8080/estudiante/imagenes/botones/arriba.ico]
[fcefa.uto.edu.bo_8080/estudiante/imagenes/botones/abajo.ico]
[fcefa.uto.edu.bo_8080/estudiante/imagenes/dibRap/nota.gif]
[fcefa.uto.edu.bo_8080/estudiante/pagina.css]
[fcefa.uto.edu.bo_8080/pagina.html]
[fcefa.uto.edu.bo_8080/funciones.html]
